// Jest Snapshot v1, https://goo.gl/fbAQLP

exports[`AnonymousSettings renders correctly 1`] = `
<div>
  <main
    class="nx-page-main"
  >
    <div
      class="nxrm-page-header"
    >
      <div
        class="nx-page-title"
      >
        <h1
          class="nx-h1 nx-feature-name"
        >
          <svg
            aria-hidden="true"
            class="svg-inline--fa fa-user fa-w-14 nx-page-title__page-icon nx-icon"
            data-icon="user"
            data-prefix="fas"
            focusable="false"
            role="img"
            viewBox="0 0 448 512"
            xmlns="http://www.w3.org/2000/svg"
          >
            <path
              d="M224 256c70.7 0 128-57.3 128-128S294.7 0 224 0 96 57.3 96 128s57.3 128 128 128zm89.6 32h-16.7c-22.2 10.2-46.9 16-72.9 16s-50.6-5.8-72.9-16h-16.7C60.2 288 0 348.2 0 422.4V464c0 26.5 21.5 48 48 48h352c26.5 0 48-21.5 48-48v-41.6c0-74.2-60.2-134.4-134.4-134.4z"
              fill="currentColor"
            />
          </svg>
          <span>
            Anonymous Access
          </span>
        </h1>
        <p
          class="nx-page-title__description nx-feature-description"
        >
          Configure anonymous access to server contents
        </p>
      </div>
    </div>
    <div
      class="nxrm-content-body nxrm-anonymous-settings"
    >
      <div
        class="nxrm-section nx-tile"
      >
        <div
          class="nx-tile-content"
        >
          <form
            class="nx-form"
          >
            <div
              class="nx-form-group"
            >
              <label
                class="nx-label"
                for="nx-form-group-child-00000000"
              >
                <span
                  class="nx-label__text"
                >
                  Access
                </span>
              </label>
              <label
                aria-describedby=""
                class="nx-radio-checkbox nx-checkbox tm-checked"
                id="nx-form-group-child-00000000"
                name="enabled"
              >
                <input
                  checked=""
                  class="nx-radio-checkbox__input nx-checkbox__input"
                  id="enabled"
                  type="checkbox"
                />
                <span
                  class="nx-radio-checkbox__control nx-checkbox__box"
                >
                  <svg
                    aria-hidden="true"
                    class="svg-inline--fa fa-check fa-w-16 "
                    data-icon="check"
                    data-prefix="fas"
                    focusable="false"
                    role="img"
                    viewBox="0 0 512 512"
                    xmlns="http://www.w3.org/2000/svg"
                  >
                    <path
                      d="M173.898 439.404l-166.4-166.4c-9.997-9.997-9.997-26.206 0-36.204l36.203-36.204c9.997-9.998 26.207-9.998 36.204 0L192 312.69 432.095 72.596c9.997-9.997 26.207-9.997 36.204 0l36.203 36.204c9.997 9.997 9.997 26.206 0 36.204l-294.4 294.401c-9.998 9.997-26.207 9.997-36.204-.001z"
                      fill="currentColor"
                    />
                  </svg>
                </span>
                <span
                  aria-label=""
                  class="nx-radio-checkbox__content nx-checkbox__content"
                  title=""
                >
                  Allow anonymous users to access the server
                </span>
              </label>
            </div>
            <div
              class="nx-form-group"
            >
              <label
                class="nx-label"
                for="userId"
              >
                <span
                  class="nx-label__text"
                >
                  Username
                </span>
              </label>
              <div
                class="nx-text-input pristine"
              >
                <div
                  class="nx-text-input__box"
                >
                  <input
                    aria-errormessage="nx-text-input-invalid-message-11111111"
                    aria-invalid="false"
                    class="nx-text-input__input"
                    id="userId"
                    name="userId"
                    type="text"
                    value="testUser"
                  />
                  <svg
                    aria-hidden="true"
                    class="svg-inline--fa fa-check fa-w-16 nx-icon nx-icon--valid nx-icon"
                    data-icon="check"
                    data-prefix="fas"
                    focusable="false"
                    role="img"
                    viewBox="0 0 512 512"
                    xmlns="http://www.w3.org/2000/svg"
                  >
                    <path
                      d="M173.898 439.404l-166.4-166.4c-9.997-9.997-9.997-26.206 0-36.204l36.203-36.204c9.997-9.998 26.207-9.998 36.204 0L192 312.69 432.095 72.596c9.997-9.997 26.207-9.997 36.204 0l36.203 36.204c9.997 9.997 9.997 26.206 0 36.204l-294.4 294.401c-9.998 9.997-26.207 9.997-36.204-.001z"
                      fill="currentColor"
                    />
                  </svg>
                  <svg
                    aria-hidden="true"
                    class="svg-inline--fa fa-exclamation-circle fa-w-16 nx-icon nx-icon--invalid nx-icon"
                    data-icon="exclamation-circle"
                    data-prefix="fas"
                    focusable="false"
                    role="img"
                    viewBox="0 0 512 512"
                    xmlns="http://www.w3.org/2000/svg"
                  >
                    <path
                      d="M504 256c0 136.997-111.043 248-248 248S8 392.997 8 256C8 119.083 119.043 8 256 8s248 111.083 248 248zm-248 50c-25.405 0-46 20.595-46 46s20.595 46 46 46 46-20.595 46-46-20.595-46-46-46zm-43.673-165.346l7.418 136c.347 6.364 5.609 11.346 11.982 11.346h48.546c6.373 0 11.635-4.982 11.982-11.346l7.418-136c.375-6.874-5.098-12.654-11.982-12.654h-63.383c-6.884 0-12.356 5.78-11.981 12.654z"
                      fill="currentColor"
                    />
                  </svg>
                </div>
                <div
                  class="nx-text-input__invalid-message"
                  id="nx-text-input-invalid-message-11111111"
                  role="alert"
                />
              </div>
            </div>
            <div
              class="nx-form-group"
            >
              <label
                class="nx-label"
                for="nx-form-group-child-22222222"
              >
                <span
                  class="nx-label__text"
                >
                  Realm
                </span>
              </label>
              <div
                class="nxrm-select"
              >
                <select
                  aria-describedby=""
                  class="nx-form-select"
                  id="nx-form-group-child-22222222"
                  name="realmName"
                >
                  <option
                    value="r1"
                  >
                    Realm One
                  </option>
                  <option
                    value="r2"
                  >
                    Realm Two
                  </option>
                </select>
              </div>
            </div>
            <footer
              class="nx-footer"
            >
              <div
                class="nx-btn-bar"
              >
                <button
                  aria-disabled="true"
                  aria-label="There are no changes"
                  class="disabled nx-btn nx-btn--secondary"
                  title="There are no changes"
                  type="button"
                >
                  Discard
                </button>
                <button
                  aria-disabled="true"
                  aria-label="There are no changes"
                  class="nx-form__submit-btn disabled nx-btn nx-btn--primary"
                  title="There are no changes"
                >
                  Save
                </button>
              </div>
            </footer>
          </form>
        </div>
      </div>
    </div>
  </main>
</div>
`;
